\BOOKMARK [1][-]{Doc-Start}{\376\377\000E\000x\000a\000m\000\040\000P\000a\000t\000t\000e\000r\000n\000\040\000S\000u\000m\000m\000a\000r\000y}{}% 1
\BOOKMARK [1][-]{section.1}{\376\377\0002\0000\0002\0004\000\040\040\024\000\040\000Q\0007\000\040\000\050\0009\000\040\000m\000a\000r\000k\000s\000\040\000t\000o\000t\000a\000l\000\051}{}% 2
\BOOKMARK [2][-]{subsection.1.1}{\376\377\000Q\0007\000a\000\040\040\024\000\040\000R\000o\000b\000o\000t\000\040\000V\000a\000c\000u\000u\000m\000\040\000B\000a\000y\000e\000s\000i\000a\000n\000\040\000N\000e\000t\000w\000o\000r\000k\000\040\000\050\0004\000\040\000m\000a\000r\000k\000s\000\051}{section.1}% 3
\BOOKMARK [2][-]{subsection.1.2}{\376\377\000Q\0007\000b\000\040\040\024\000\040\000C\000h\000a\000l\000l\000e\000n\000g\000e\000s\000\040\000i\000n\000\040\000B\000a\000y\000e\000s\000i\000a\000n\000\040\000D\000e\000c\000i\000s\000i\000o\000n\000\040\000T\000h\000e\000o\000r\000y\000\040\000\050\0002\000\040\000m\000a\000r\000k\000s\000\051}{section.1}% 4
\BOOKMARK [2][-]{subsection.1.3}{\376\377\000Q\0007\000c\000\040\040\024\000\040\000E\000v\000o\000l\000u\000t\000i\000o\000n\000a\000r\000y\000\040\000M\000e\000t\000h\000o\000d\000\040\000\050\0003\000\040\000m\000a\000r\000k\000s\000\051}{section.1}% 5
\BOOKMARK [1][-]{section.2}{\376\377\0002\0000\0002\0003\000\040\040\024\000\040\000Q\0007\000\040\000\050\0009\000\040\000m\000a\000r\000k\000s\000\040\000t\000o\000t\000a\000l\000\051}{}% 6
\BOOKMARK [2][-]{subsection.2.1}{\376\377\000Q\0007\000a\000\040\040\024\000\040\000T\000h\000r\000e\000e\000\040\000B\000a\000y\000e\000s\000'\000\040\000T\000h\000e\000o\000r\000e\000m\000\040\000P\000r\000o\000b\000l\000e\000m\000s\000\040\000\050\0003\000\040\000m\000a\000r\000k\000s\000\051}{section.2}% 7
\BOOKMARK [2][-]{subsection.2.2}{\376\377\000Q\0007\000b\000\040\040\024\000\040\000A\000l\000a\000r\000m\000\040\000B\000a\000y\000e\000s\000i\000a\000n\000\040\000N\000e\000t\000w\000o\000r\000k\000\040\000\050\0006\000\040\000m\000a\000r\000k\000s\000\051}{section.2}% 8
\BOOKMARK [1][-]{section.3}{\376\377\0002\0000\0002\0002\000\040\040\024\000\040\000B\000-\0003\000d\000\040\000\050\0003\000\040\000m\000a\000r\000k\000s\000\051}{}% 9
\BOOKMARK [1][-]{section.4}{\376\377\0002\0000\0002\0001\000\040\040\024\000\040\000Q\0007\000\040\000\050\0008\000.\0007\0005\000\040\000m\000a\000r\000k\000s\000\040\000t\000o\000t\000a\000l\000\051}{}% 10
\BOOKMARK [2][-]{subsection.4.1}{\376\377\000Q\0007\000a\000\040\040\024\000\040\000C\000o\000n\000c\000e\000p\000t\000\040\000o\000f\000\040\000U\000n\000c\000e\000r\000t\000a\000i\000n\000t\000y\000\040\000\050\0002\000.\0007\0005\000\040\000m\000a\000r\000k\000s\000\051}{section.4}% 11
\BOOKMARK [2][-]{subsection.4.2}{\376\377\000Q\0007\000b\000\040\040\024\000\040\000W\000h\000y\000\040\000D\000e\000d\000u\000c\000t\000i\000v\000e\000\040\000\046\000\040\000A\000b\000d\000u\000c\000t\000i\000v\000e\000\040\000R\000e\000a\000s\000o\000n\000i\000n\000g\000\040\000A\000r\000e\000\040\000N\000o\000t\000\040\000S\000o\000u\000n\000d\000\040\000\050\0002\000.\0005\000\040\000m\000a\000r\000k\000s\000\051}{section.4}% 12
\BOOKMARK [2][-]{subsection.4.3}{\376\377\000Q\0007\000c\000\040\040\024\000\040\000M\000e\000n\000i\000n\000g\000i\000t\000i\000s\000:\000\040\000B\000a\000y\000e\000s\000'\000\040\000T\000h\000e\000o\000r\000e\000m\000\040\000\050\0003\000.\0005\000\040\000m\000a\000r\000k\000s\000\051}{section.4}% 13
\BOOKMARK [1][-]{section.5}{\376\377\0002\0000\0002\0001\000\040\040\024\000\040\000Q\0008\000a\000\040\040\024\000\040\000C\000P\000T\000\040\000C\000o\000u\000n\000t\000\040\000v\000s\000\040\000J\000o\000i\000n\000t\000\040\000T\000a\000b\000l\000e\000\040\000\050\0003\000.\0005\000\040\000m\000a\000r\000k\000s\000\051}{}% 14
\BOOKMARK [1][-]{section.6}{\376\377\0002\0000\0002\0001\000\040\040\024\000\040\000Q\0008\000b\000\040\040\024\000\040\000B\000u\000r\000g\000l\000a\000r\000y\000\040\000A\000l\000a\000r\000m\000\040\000N\000e\000t\000w\000o\000r\000k\000\040\000\050\0005\000.\0002\0005\000\040\000m\000a\000r\000k\000s\000\051}{}% 15
\BOOKMARK [1][-]{section.7}{\376\377\0002\0000\0002\0000\000\040\040\024\000\040\000Q\0007\000\040\000\050\000G\000r\000o\000u\000p\000\040\000B\000\051}{}% 16
\BOOKMARK [2][-]{subsection.7.1}{\376\377\000Q\0007\000a\000\040\040\024\000\040\000U\000n\000c\000e\000r\000t\000a\000i\000n\000t\000y\000\040\000C\000o\000n\000c\000e\000p\000t\000\040\000\050\000D\000o\000o\000r\000b\000e\000l\000l\000\051\000\040\000\050\0001\000.\0005\000\040\000m\000a\000r\000k\000s\000\051}{section.7}% 17
\BOOKMARK [2][-]{subsection.7.2}{\376\377\000Q\0007\000d\000\040\040\024\000\040\000E\000x\000t\000e\000n\000s\000i\000o\000n\000\040\000o\000f\000\040\000B\000a\000y\000e\000s\000'\000\040\000T\000h\000e\000o\000r\000e\000m\000\040\000\050\0003\000\040\000m\000a\000r\000k\000s\000\051}{section.7}% 18
\BOOKMARK [1][-]{section.8}{\376\377\0002\0000\0002\0000\000\040\040\024\000\040\000Q\0008\000\040\000\050\000G\000r\000o\000u\000p\000\040\000B\000\051}{}% 19
\BOOKMARK [2][-]{subsection.8.1}{\376\377\000Q\0008\000a\000\040\040\024\000\040\000B\000a\000y\000e\000s\000i\000a\000n\000\040\000N\000e\000t\000w\000o\000r\000k\000\040\000S\000y\000n\000t\000a\000x\000\040\000a\000n\000d\000\040\000S\000e\000m\000a\000n\000t\000i\000c\000s\000\040\000\050\0001\000.\0005\000\040\000m\000a\000r\000k\000s\000\051}{section.8}% 20
\BOOKMARK [2][-]{subsection.8.2}{\376\377\000Q\0008\000b\000\040\040\024\000\040\000M\000e\000n\000i\000n\000g\000i\000t\000i\000s\000\040\000\050\000s\000a\000m\000e\000\040\000a\000s\000\040\0002\0000\0002\0001\000\040\000Q\0007\000c\000\051\000\040\000\050\0001\000.\0005\000\040\000m\000a\000r\000k\000s\000\051}{section.8}% 21
\BOOKMARK [2][-]{subsection.8.3}{\376\377\000Q\0008\000c\000\040\040\024\000\040\000C\000o\000m\000p\000l\000e\000x\000\040\000B\000N\000:\000\040\000B\000u\000r\000g\000l\000a\000r\000y\000,\000\040\000E\000a\000r\000t\000h\000q\000u\000a\000k\000e\000,\000\040\000R\000e\000l\000i\000a\000b\000l\000e\000\040\000\046\000\040\000U\000n\000r\000e\000l\000i\000a\000b\000l\000e\000\040\000F\000r\000i\000e\000n\000d\000\040\000\050\0006\000.\0007\0005\000\040\000m\000a\000r\000k\000s\000\051}{section.8}% 22
\BOOKMARK [1][-]{Item.37}{\376\377\000Q\000u\000i\000c\000k\000\040\000R\000e\000f\000e\000r\000e\000n\000c\000e\000\040\000S\000u\000m\000m\000a\000r\000y}{}% 23
